// Jest Snapshot v1, https://goo.gl/fbAQLP

exports[`smoke testing transforms just one line 1`] = `undefined`;
